[1210/142315.521:WARNING:value_store_frontend.cc(45)] Reading mhjfbmdgcfjbbpaeojofohoefgiehjai.alarms from  failed: IO error: .../MANIFEST-000001: Unable to create sequential file (ChromeMethodBFE: 7::NewSequentialFile::1)
[1210/142340.457:WARNING:angle_platform_impl.cc(48)] HLSLCompiler.cpp:257 (compileToBinary): 
C:\fakepath(102,1-6): warning X4000: use of potentially uninitialized variable (dyn_index_vec4_float4)

[1210/142340.536:WARNING:angle_platform_impl.cc(48)] HLSLCompiler.cpp:257 (compileToBinary): 
C:\fakepath(135,1): warning X4000: use of potentially uninitialized variable (f_i)
C:\fakepath(137,1): warning X4000: use of potentially uninitialized variable (f_i)
C:\fakepath(173,1): warning X4000: use of potentially uninitialized variable (f_u)

[1210/142341.263:WARNING:angle_platform_impl.cc(48)] HLSLCompiler.cpp:257 (compileToBinary): 
C:\fakepath(165,1): warning X4000: use of potentially uninitialized variable (f_renderMipMapLevel)

[1210/142341.265:WARNING:angle_platform_impl.cc(48)] HLSLCompiler.cpp:257 (compileToBinary): 
C:\fakepath(165,1): warning X4000: use of potentially uninitialized variable (f_renderMipMapLevel)

[1210/142341.268:WARNING:angle_platform_impl.cc(48)] HLSLCompiler.cpp:257 (compileToBinary): 
C:\fakepath(165,1): warning X4000: use of potentially uninitialized variable (f_renderMipMapLevel)

[1210/142341.273:WARNING:angle_platform_impl.cc(48)] HLSLCompiler.cpp:257 (compileToBinary): 
C:\fakepath(165,1): warning X4000: use of potentially uninitialized variable (f_renderMipMapLevel)

[1210/142341.328:WARNING:angle_platform_impl.cc(48)] HLSLCompiler.cpp:257 (compileToBinary): 
C:\fakepath(381,10-38): warning X4008: floating point division by zero
C:\fakepath(381,10-38): warning X4008: floating point division by zero

[1210/142514.464:ERROR:gpu_init.cc(426)] Passthrough is not supported, GL is disabled
[1210/145157.478:WARNING:angle_platform_impl.cc(48)] HLSLCompiler.cpp:257 (compileToBinary): 
C:\fakepath(102,1-6): warning X4000: use of potentially uninitialized variable (dyn_index_vec4_float4)

[1210/145157.545:WARNING:angle_platform_impl.cc(48)] HLSLCompiler.cpp:257 (compileToBinary): 
C:\fakepath(135,1): warning X4000: use of potentially uninitialized variable (f_i)
C:\fakepath(137,1): warning X4000: use of potentially uninitialized variable (f_i)
C:\fakepath(173,1): warning X4000: use of potentially uninitialized variable (f_u)

[1210/145157.952:WARNING:angle_platform_impl.cc(48)] HLSLCompiler.cpp:257 (compileToBinary): 
C:\fakepath(165,1): warning X4000: use of potentially uninitialized variable (f_renderMipMapLevel)

[1210/160728.229:WARNING:angle_platform_impl.cc(48)] HLSLCompiler.cpp:257 (compileToBinary): 
C:\fakepath(102,1-6): warning X4000: use of potentially uninitialized variable (dyn_index_vec4_float4)

[1210/160728.294:WARNING:angle_platform_impl.cc(48)] HLSLCompiler.cpp:257 (compileToBinary): 
C:\fakepath(135,1): warning X4000: use of potentially uninitialized variable (f_i)
C:\fakepath(137,1): warning X4000: use of potentially uninitialized variable (f_i)
C:\fakepath(173,1): warning X4000: use of potentially uninitialized variable (f_u)

[1210/160729.484:WARNING:angle_platform_impl.cc(48)] HLSLCompiler.cpp:257 (compileToBinary): 
C:\fakepath(165,1): warning X4000: use of potentially uninitialized variable (f_renderMipMapLevel)

[1210/160741.260:WARNING:angle_platform_impl.cc(48)] HLSLCompiler.cpp:257 (compileToBinary): 
C:\fakepath(102,1-6): warning X4000: use of potentially uninitialized variable (dyn_index_vec4_float4)

[1210/160741.328:WARNING:angle_platform_impl.cc(48)] HLSLCompiler.cpp:257 (compileToBinary): 
C:\fakepath(135,1): warning X4000: use of potentially uninitialized variable (f_i)
C:\fakepath(137,1): warning X4000: use of potentially uninitialized variable (f_i)
C:\fakepath(173,1): warning X4000: use of potentially uninitialized variable (f_u)

[1210/160741.544:WARNING:angle_platform_impl.cc(48)] HLSLCompiler.cpp:257 (compileToBinary): 
C:\fakepath(165,1): warning X4000: use of potentially uninitialized variable (f_renderMipMapLevel)

[1210/160741.733:ERROR:gl_utils.cc(314)] [.WebGL-000006F565F4AD80] GL_INVALID_OPERATION: Two textures of different types use the same sampler location.
[1210/160741.733:ERROR:gl_utils.cc(314)] [.WebGL-000006F565F4AD80] GL_INVALID_OPERATION: Two textures of different types use the same sampler location.
[1210/160741.733:ERROR:gl_utils.cc(314)] [.WebGL-000006F565F4AD80] GL_INVALID_OPERATION: Two textures of different types use the same sampler location.
[1210/160741.733:ERROR:gl_utils.cc(314)] [.WebGL-000006F565F4AD80] GL_INVALID_OPERATION: Two textures of different types use the same sampler location.
[1210/160741.733:ERROR:gl_utils.cc(314)] [.WebGL-000006F565F4AD80] GL_INVALID_OPERATION: Two textures of different types use the same sampler location.
[1210/160741.733:ERROR:gl_utils.cc(314)] [.WebGL-000006F565F4AD80] GL_INVALID_OPERATION: Two textures of different types use the same sampler location.
[1210/160741.733:ERROR:gl_utils.cc(314)] [.WebGL-000006F565F4AD80] GL_INVALID_OPERATION: Two textures of different types use the same sampler location.
[1210/160741.733:ERROR:gl_utils.cc(314)] [.WebGL-000006F565F4AD80] GL_INVALID_OPERATION: Two textures of different types use the same sampler location.
[1210/160741.733:ERROR:gl_utils.cc(314)] [.WebGL-000006F565F4AD80] GL_INVALID_OPERATION: Two textures of different types use the same sampler location.
[1210/160741.733:ERROR:gl_utils.cc(314)] [.WebGL-000006F565F4AD80] GL_INVALID_OPERATION: Two textures of different types use the same sampler location.
[1210/160741.733:ERROR:gl_utils.cc(314)] [.WebGL-000006F565F4AD80] GL_INVALID_OPERATION: Two textures of different types use the same sampler location.
[1210/160741.733:ERROR:gl_utils.cc(314)] [.WebGL-000006F565F4AD80] GL_INVALID_OPERATION: Two textures of different types use the same sampler location.
[1210/160741.755:ERROR:gl_utils.cc(314)] [.WebGL-000006F565F4AD80] GL_INVALID_OPERATION: Two textures of different types use the same sampler location.
[1210/160741.755:ERROR:gl_utils.cc(314)] [.WebGL-000006F565F4AD80] GL_INVALID_OPERATION: Two textures of different types use the same sampler location.
[1210/160741.755:ERROR:gl_utils.cc(314)] [.WebGL-000006F565F4AD80] GL_INVALID_OPERATION: Two textures of different types use the same sampler location.
[1210/160741.755:ERROR:gl_utils.cc(314)] [.WebGL-000006F565F4AD80] GL_INVALID_OPERATION: Two textures of different types use the same sampler location.
[1210/160741.755:ERROR:gl_utils.cc(314)] [.WebGL-000006F565F4AD80] GL_INVALID_OPERATION: Two textures of different types use the same sampler location.
[1210/160741.755:ERROR:gl_utils.cc(314)] [.WebGL-000006F565F4AD80] GL_INVALID_OPERATION: Two textures of different types use the same sampler location.
[1210/160741.755:ERROR:gl_utils.cc(314)] [.WebGL-000006F565F4AD80] GL_INVALID_OPERATION: Two textures of different types use the same sampler location.
[1210/160741.755:ERROR:gl_utils.cc(314)] [.WebGL-000006F565F4AD80] GL_INVALID_OPERATION: Two textures of different types use the same sampler location.
[1210/160741.755:ERROR:gl_utils.cc(314)] [.WebGL-000006F565F4AD80] GL_INVALID_OPERATION: Two textures of different types use the same sampler location.
[1210/160741.755:ERROR:gl_utils.cc(314)] [.WebGL-000006F565F4AD80] GL_INVALID_OPERATION: Two textures of different types use the same sampler location.
[1210/160741.755:ERROR:gl_utils.cc(314)] [.WebGL-000006F565F4AD80] GL_INVALID_OPERATION: Two textures of different types use the same sampler location.
[1210/160741.755:ERROR:gl_utils.cc(314)] [.WebGL-000006F565F4AD80] GL_INVALID_OPERATION: Two textures of different types use the same sampler location.
[1210/161118.185:WARNING:angle_platform_impl.cc(48)] HLSLCompiler.cpp:257 (compileToBinary): 
C:\fakepath(102,1-6): warning X4000: use of potentially uninitialized variable (dyn_index_vec4_float4)

[1210/161118.510:WARNING:angle_platform_impl.cc(48)] HLSLCompiler.cpp:257 (compileToBinary): 
C:\fakepath(165,1): warning X4000: use of potentially uninitialized variable (f_renderMipMapLevel)

[1210/161147.340:WARNING:angle_platform_impl.cc(48)] HLSLCompiler.cpp:257 (compileToBinary): 
C:\fakepath(102,1-6): warning X4000: use of potentially uninitialized variable (dyn_index_vec4_float4)

[1210/161147.412:WARNING:angle_platform_impl.cc(48)] HLSLCompiler.cpp:257 (compileToBinary): 
C:\fakepath(135,1): warning X4000: use of potentially uninitialized variable (f_i)
C:\fakepath(137,1): warning X4000: use of potentially uninitialized variable (f_i)
C:\fakepath(173,1): warning X4000: use of potentially uninitialized variable (f_u)

[1210/161308.995:ERROR:cache_util_win.cc(20)] Unable to move the cache: Access is denied. (0x5)
[1210/161308.995:ERROR:cache_util.cc(144)] Unable to move cache folder C:/GIthub/Project-senior/ProjectVR/Saved/webcache_4430\Cache to C:/GIthub/Project-senior/ProjectVR/Saved/webcache_4430\old_Cache_000
[1210/161308.995:ERROR:disk_cache.cc(184)] Unable to create cache
[1210/161309.995:WARNING:value_store_frontend.cc(45)] Reading mhjfbmdgcfjbbpaeojofohoefgiehjai.alarms from  failed: IO error: .../MANIFEST-000001: Unable to create sequential file (ChromeMethodBFE: 7::NewSequentialFile::1)
[1210/161508.369:ERROR:gpu_init.cc(426)] Passthrough is not supported, GL is disabled
[1210/210527.097:WARNING:angle_platform_impl.cc(48)] HLSLCompiler.cpp:257 (compileToBinary): 
C:\fakepath(102,1-6): warning X4000: use of potentially uninitialized variable (dyn_index_vec4_float4)

[1210/210527.181:WARNING:angle_platform_impl.cc(48)] HLSLCompiler.cpp:257 (compileToBinary): 
C:\fakepath(135,1): warning X4000: use of potentially uninitialized variable (f_i)
C:\fakepath(137,1): warning X4000: use of potentially uninitialized variable (f_i)
C:\fakepath(173,1): warning X4000: use of potentially uninitialized variable (f_u)

[1210/210528.410:WARNING:angle_platform_impl.cc(48)] HLSLCompiler.cpp:257 (compileToBinary): 
C:\fakepath(165,1): warning X4000: use of potentially uninitialized variable (f_renderMipMapLevel)

[1210/210528.496:WARNING:angle_platform_impl.cc(48)] HLSLCompiler.cpp:257 (compileToBinary): 
internal error: argument pulled into unrelated predicate

[1210/210528.527:WARNING:angle_platform_impl.cc(48)] HLSLCompiler.cpp:257 (compileToBinary): 
internal error: argument pulled into unrelated predicate

[1210/210528.556:WARNING:angle_platform_impl.cc(48)] HLSLCompiler.cpp:257 (compileToBinary): 
C:\fakepath(957,1): warning X4000: use of potentially uninitialized variable (f_sampleShadowMapOptimizedPCF)

[1210/210528.736:WARNING:angle_platform_impl.cc(48)] HLSLCompiler.cpp:257 (compileToBinary): 
internal error: argument pulled into unrelated predicate

[1210/210528.766:WARNING:angle_platform_impl.cc(48)] HLSLCompiler.cpp:257 (compileToBinary): 
internal error: argument pulled into unrelated predicate

[1210/210528.795:WARNING:angle_platform_impl.cc(48)] HLSLCompiler.cpp:257 (compileToBinary): 
C:\fakepath(957,1): warning X4000: use of potentially uninitialized variable (f_sampleShadowMapOptimizedPCF)

[1210/210740.238:WARNING:angle_platform_impl.cc(48)] HLSLCompiler.cpp:257 (compileToBinary): 
C:\fakepath(102,1-6): warning X4000: use of potentially uninitialized variable (dyn_index_vec4_float4)

[1210/210740.309:WARNING:angle_platform_impl.cc(48)] HLSLCompiler.cpp:257 (compileToBinary): 
C:\fakepath(135,1): warning X4000: use of potentially uninitialized variable (f_i)
C:\fakepath(137,1): warning X4000: use of potentially uninitialized variable (f_i)
C:\fakepath(173,1): warning X4000: use of potentially uninitialized variable (f_u)

[1210/210740.686:WARNING:angle_platform_impl.cc(48)] HLSLCompiler.cpp:257 (compileToBinary): 
C:\fakepath(165,1): warning X4000: use of potentially uninitialized variable (f_renderMipMapLevel)

[1210/210740.764:WARNING:angle_platform_impl.cc(48)] HLSLCompiler.cpp:257 (compileToBinary): 
internal error: argument pulled into unrelated predicate

[1210/210740.796:WARNING:angle_platform_impl.cc(48)] HLSLCompiler.cpp:257 (compileToBinary): 
internal error: argument pulled into unrelated predicate

[1210/210740.824:WARNING:angle_platform_impl.cc(48)] HLSLCompiler.cpp:257 (compileToBinary): 
C:\fakepath(957,1): warning X4000: use of potentially uninitialized variable (f_sampleShadowMapOptimizedPCF)

[1210/210740.984:WARNING:angle_platform_impl.cc(48)] HLSLCompiler.cpp:257 (compileToBinary): 
internal error: argument pulled into unrelated predicate

[1210/210741.013:WARNING:angle_platform_impl.cc(48)] HLSLCompiler.cpp:257 (compileToBinary): 
internal error: argument pulled into unrelated predicate

[1210/210741.042:WARNING:angle_platform_impl.cc(48)] HLSLCompiler.cpp:257 (compileToBinary): 
C:\fakepath(957,1): warning X4000: use of potentially uninitialized variable (f_sampleShadowMapOptimizedPCF)

[1210/210833.759:WARNING:angle_platform_impl.cc(48)] HLSLCompiler.cpp:257 (compileToBinary): 
C:\fakepath(102,1-6): warning X4000: use of potentially uninitialized variable (dyn_index_vec4_float4)

[1210/210833.831:WARNING:angle_platform_impl.cc(48)] HLSLCompiler.cpp:257 (compileToBinary): 
C:\fakepath(135,1): warning X4000: use of potentially uninitialized variable (f_i)
C:\fakepath(137,1): warning X4000: use of potentially uninitialized variable (f_i)
C:\fakepath(173,1): warning X4000: use of potentially uninitialized variable (f_u)

[1210/210834.232:WARNING:angle_platform_impl.cc(48)] HLSLCompiler.cpp:257 (compileToBinary): 
C:\fakepath(165,1): warning X4000: use of potentially uninitialized variable (f_renderMipMapLevel)

[1210/210834.349:WARNING:angle_platform_impl.cc(48)] HLSLCompiler.cpp:257 (compileToBinary): 
internal error: argument pulled into unrelated predicate

[1210/210834.379:WARNING:angle_platform_impl.cc(48)] HLSLCompiler.cpp:257 (compileToBinary): 
internal error: argument pulled into unrelated predicate

[1210/210834.407:WARNING:angle_platform_impl.cc(48)] HLSLCompiler.cpp:257 (compileToBinary): 
C:\fakepath(957,1): warning X4000: use of potentially uninitialized variable (f_sampleShadowMapOptimizedPCF)

[1210/210834.672:WARNING:angle_platform_impl.cc(48)] HLSLCompiler.cpp:257 (compileToBinary): 
internal error: argument pulled into unrelated predicate

[1210/210834.701:WARNING:angle_platform_impl.cc(48)] HLSLCompiler.cpp:257 (compileToBinary): 
internal error: argument pulled into unrelated predicate

[1210/210834.728:WARNING:angle_platform_impl.cc(48)] HLSLCompiler.cpp:257 (compileToBinary): 
C:\fakepath(957,1): warning X4000: use of potentially uninitialized variable (f_sampleShadowMapOptimizedPCF)

